     1 basis functions,     1 primitive gaussians,     1 cartesian basis functions
     1 alpha electrons        1 beta electrons
 GradGradGradGradGradGradGradGradGradGradGradGradGradGradGradGradGradGrad
 GradGradGradGradGradGradGradGradGradGradGradGradGradGradGradGradGradGrad
                         Standard orientation:
 ---------------------------------------------------------------------
 Center     Atomic     Atomic              Coordinates (Angstroms)
 Number     Number      Type              X           Y           Z
 ---------------------------------------------------------------------
    1          6             0        0.006595    0.000058   -0.657613
    2          6             0       -0.055810   -0.000601    0.777030
    3          1             0       -0.425921    0.865962   -1.129914
    4          1             0       -0.409773   -0.871822   -1.133419
    5          1             0        0.346935    0.002864    1.758614
    6          1             0        1.075216    0.009472   -0.918305
 ---------------------------------------------------------------------
 GradGradGradGradGradGradGradGradGradGradGradGradGradGradGradGradGradGrad
 Step number   1
 GradGradGradGradGradGradGradGradGradGradGradGradGradGradGradGradGradGrad
                         Standard orientation:
 ---------------------------------------------------------------------
 Center     Atomic     Atomic              Coordinates (Angstroms)
 Number     Number      Type              X           Y           Z
 ---------------------------------------------------------------------
    1          6             0        0.017168    0.000178   -0.658515
    2          6             0       -0.066798   -0.000739    0.780310
    3          1             0       -0.428859    0.869927   -1.130707
    4          1             0       -0.412678   -0.875849   -1.134162
    5          1             0        0.351593    0.002905    1.760952
    6          1             0        1.076816    0.009510   -0.921486
 ---------------------------------------------------------------------
 GradGradGradGradGradGradGradGradGradGradGradGradGradGradGradGradGradGrad
 Step number   2
 GradGradGradGradGradGradGradGradGradGradGradGradGradGradGradGradGradGrad
                         Standard orientation:
 ---------------------------------------------------------------------
 Center     Atomic     Atomic              Coordinates (Angstroms)
 Number     Number      Type              X           Y           Z
 ---------------------------------------------------------------------
    1          6             0        0.026451    0.000308   -0.660258
    2          6             0       -0.084845   -0.000983    0.785844
    3          1             0       -0.432688    0.875375   -1.131329
    4          1             0       -0.416486   -0.881375   -1.134639
    5          1             0        0.359613    0.002969    1.764138
    6          1             0        1.085196    0.009637   -0.927361
 ---------------------------------------------------------------------
 GradGradGradGradGradGradGradGradGradGradGradGradGradGradGradGradGradGrad
 Step number   3
 GradGradGradGradGradGradGradGradGradGradGradGradGradGradGradGradGradGrad
                         Standard orientation:
 ---------------------------------------------------------------------
 Center     Atomic     Atomic              Coordinates (Angstroms)
 Number     Number      Type              X           Y           Z
 ---------------------------------------------------------------------
    1          6             0        0.026013    0.000331   -0.661063
    2          6             0       -0.088476   -0.001056    0.787905
    3          1             0       -0.433934    0.878017   -1.132023
    4          1             0       -0.417724   -0.884043   -1.135237
    5          1             0        0.361504    0.002973    1.765687
    6          1             0        1.089855    0.009709   -0.928874
 ---------------------------------------------------------------------
 GradGradGradGradGradGradGradGradGradGradGradGradGradGradGradGradGradGrad
 Step number   4
 GradGradGradGradGradGradGradGradGradGradGradGradGradGradGradGradGradGrad
                         Standard orientation:
 ---------------------------------------------------------------------
 Center     Atomic     Atomic              Coordinates (Angstroms)
 Number     Number      Type              X           Y           Z
 ---------------------------------------------------------------------
    1          6             0        0.024199    0.000348   -0.662307
    2          6             0       -0.090492   -0.001126    0.789919
    3          1             0       -0.435210    0.881314   -1.133056
    4          1             0       -0.418992   -0.887363   -1.136115
    5          1             0        0.362903    0.002959    1.767746
    6          1             0        1.094830    0.009798   -0.929792
 ---------------------------------------------------------------------
 GradGradGradGradGradGradGradGradGradGradGradGradGradGradGradGradGradGrad
 Step number   5
 GradGradGradGradGradGradGradGradGradGradGradGradGradGradGradGradGradGrad
                         Standard orientation:
 ---------------------------------------------------------------------
 Center     Atomic     Atomic              Coordinates (Angstroms)
 Number     Number      Type              X           Y           Z
 ---------------------------------------------------------------------
    1          6             0        0.022842    0.000363   -0.663461
    2          6             0       -0.091247   -0.001174    0.791043
    3          1             0       -0.436057    0.883809   -1.133856
    4          1             0       -0.419839   -0.889872   -1.136761
    5          1             0        0.363726    0.002936    1.769370
    6          1             0        1.097810    0.009867   -0.929938
 ---------------------------------------------------------------------
 GradGradGradGradGradGradGradGradGradGradGradGradGradGradGradGradGradGrad
 Step number   6
 GradGradGradGradGradGradGradGradGradGradGradGradGradGradGradGradGradGrad
                         Standard orientation:
 ---------------------------------------------------------------------
 Center     Atomic     Atomic              Coordinates (Angstroms)
 Number     Number      Type              X           Y           Z
 ---------------------------------------------------------------------
    1          6             0        0.022062    0.000379   -0.664406
    2          6             0       -0.091487   -0.001208    0.791605
    3          1             0       -0.436565    0.885521   -1.134393
    4          1             0       -0.420355   -0.891591   -1.137156
    5          1             0        0.364236    0.002909    1.770454
    6          1             0        1.099343    0.009919   -0.929707
 ---------------------------------------------------------------------
 GradGradGradGradGradGradGradGradGradGradGradGradGradGradGradGradGradGrad
 Step number   7
 GradGradGradGradGradGradGradGradGradGradGradGradGradGradGradGradGradGrad
                         Standard orientation:
 ---------------------------------------------------------------------
 Center     Atomic     Atomic              Coordinates (Angstroms)
 Number     Number      Type              X           Y           Z
 ---------------------------------------------------------------------
    1          6             0        0.021638    0.000396   -0.665133
    2          6             0       -0.091537   -0.001231    0.791853
    3          1             0       -0.436853    0.886682   -1.134744
    4          1             0       -0.420655   -0.892758   -1.137374
    5          1             0        0.364583    0.002879    1.771120
    6          1             0        1.100054    0.009961   -0.929323
 ---------------------------------------------------------------------
 GradGradGradGradGradGradGradGradGradGradGradGradGradGradGradGradGradGrad
 Step number   8
 GradGradGradGradGradGradGradGradGradGradGradGradGradGradGradGradGradGrad
                         Standard orientation:
 ---------------------------------------------------------------------
 Center     Atomic     Atomic              Coordinates (Angstroms)
 Number     Number      Type              X           Y           Z
 ---------------------------------------------------------------------
    1          6             0        0.021399    0.000414   -0.665682
    2          6             0       -0.091527   -0.001248    0.791931
    3          1             0       -0.437000    0.887484   -1.134975
    4          1             0       -0.420818   -0.893565   -1.137479
    5          1             0        0.364848    0.002848    1.771490
    6          1             0        1.100326    0.009996   -0.928886
 ---------------------------------------------------------------------
 GradGradGradGradGradGradGradGradGradGradGradGradGradGradGradGradGradGrad
 Step number   9
 GradGradGradGradGradGradGradGradGradGradGradGradGradGradGradGradGradGrad
                         Standard orientation:
 ---------------------------------------------------------------------
 Center     Atomic     Atomic              Coordinates (Angstroms)
 Number     Number      Type              X           Y           Z
 ---------------------------------------------------------------------
    1          6             0        0.021246    0.000432   -0.666094
    2          6             0       -0.091516   -0.001260    0.791917
    3          1             0       -0.437057    0.888059   -1.135134
    4          1             0       -0.420894   -0.894144   -1.137512
    5          1             0        0.365078    0.002813    1.771650
    6          1             0        1.100368    0.010029   -0.928427
 ---------------------------------------------------------------------
 GradGradGradGradGradGradGradGradGradGradGradGradGradGradGradGradGradGrad
 Step number  10
 GradGradGradGradGradGradGradGradGradGradGradGradGradGradGradGradGradGrad
                         Standard orientation:
 ---------------------------------------------------------------------
 Center     Atomic     Atomic              Coordinates (Angstroms)
 Number     Number      Type              X           Y           Z
 ---------------------------------------------------------------------
    1          6             0        0.021118    0.000453   -0.666416
    2          6             0       -0.091528   -0.001270    0.791849
    3          1             0       -0.437054    0.888506   -1.135254
    4          1             0       -0.420913   -0.894597   -1.137497
    5          1             0        0.365312    0.002774    1.771654
    6          1             0        1.100288    0.010064   -0.927935
 ---------------------------------------------------------------------
 GradGradGradGradGradGradGradGradGradGradGradGradGradGradGradGradGradGrad
 Step number  11
 GradGradGradGradGradGradGradGradGradGradGradGradGradGradGradGradGradGrad
                         Standard orientation:
 ---------------------------------------------------------------------
 Center     Atomic     Atomic              Coordinates (Angstroms)
 Number     Number      Type              X           Y           Z
 ---------------------------------------------------------------------
    1          6             0        0.020976    0.000476   -0.666678
    2          6             0       -0.091585   -0.001278    0.791740
    3          1             0       -0.437000    0.888890   -1.135361
    4          1             0       -0.420887   -0.894989   -1.137445
    5          1             0        0.365585    0.002725    1.771517
    6          1             0        1.100130    0.010104   -0.927370
 ---------------------------------------------------------------------
 GradGradGradGradGradGradGradGradGradGradGradGradGradGradGradGradGradGrad
 Step number  12
 GradGradGradGradGradGradGradGradGradGradGradGradGradGradGradGradGradGrad
                         Standard orientation:
 ---------------------------------------------------------------------
 Center     Atomic     Atomic              Coordinates (Angstroms)
 Number     Number      Type              X           Y           Z
 ---------------------------------------------------------------------
    1          6             0        0.016472    0.000513   -0.665923
    2          6             0       -0.085200   -0.001206    0.789403
    3          1             0       -0.436022    0.889126   -1.136282
    4          1             0       -0.420021   -0.895244   -1.137849
    5          1             0        0.363761    0.002514    1.770708
    6          1             0        1.098225    0.010219   -0.923642
 ---------------------------------------------------------------------
 GradGradGradGradGradGradGradGradGradGradGradGradGradGradGradGradGradGrad
 Step number  13
 GradGradGradGradGradGradGradGradGradGradGradGradGradGradGradGradGradGrad
                         Standard orientation:
 ---------------------------------------------------------------------
 Center     Atomic     Atomic              Coordinates (Angstroms)
 Number     Number      Type              X           Y           Z
 ---------------------------------------------------------------------
    1          6             0        0.015272    0.000588   -0.666582
    2          6             0       -0.084084   -0.001207    0.788658
    3          1             0       -0.435786    0.890415   -1.136950
    4          1             0       -0.419890   -0.896562   -1.137944
    5          1             0        0.364297    0.002322    1.770334
    6          1             0        1.097396    0.010361   -0.921091
 ---------------------------------------------------------------------
 GradGradGradGradGradGradGradGradGradGradGradGradGradGradGradGradGradGrad
 Step number  14
 GradGradGradGradGradGradGradGradGradGradGradGradGradGradGradGradGradGrad
                         Standard orientation:
 ---------------------------------------------------------------------
 Center     Atomic     Atomic              Coordinates (Angstroms)
 Number     Number      Type              X           Y           Z
 ---------------------------------------------------------------------
    1          6             0        0.014760    0.000615   -0.666877
    2          6             0       -0.083280   -0.001192    0.788458
    3          1             0       -0.435771    0.890877   -1.137366
    4          1             0       -0.419910   -0.897040   -1.138165
    5          1             0        0.364374    0.002247    1.770395
    6          1             0        1.097028    0.010409   -0.920015
 ---------------------------------------------------------------------
 GradGradGradGradGradGradGradGradGradGradGradGradGradGradGradGradGradGrad
 Step number  15
 GradGradGradGradGradGradGradGradGradGradGradGradGradGradGradGradGradGrad
                         Standard orientation:
 ---------------------------------------------------------------------
 Center     Atomic     Atomic              Coordinates (Angstroms)
 Number     Number      Type              X           Y           Z
 ---------------------------------------------------------------------
    1          6             0        0.014591    0.000622   -0.667041
    2          6             0       -0.082726   -0.001174    0.788444
    3          1             0       -0.435855    0.891026   -1.137665
    4          1             0       -0.420002   -0.897200   -1.138417
    5          1             0        0.364324    0.002220    1.770685
    6          1             0        1.096866    0.010420   -0.919572
 ---------------------------------------------------------------------
 GradGradGradGradGradGradGradGradGradGradGradGradGradGradGradGradGradGrad
 Step number  16
 GradGradGradGradGradGradGradGradGradGradGradGradGradGradGradGradGradGrad
                         Standard orientation:
 ---------------------------------------------------------------------
 Center     Atomic     Atomic              Coordinates (Angstroms)
 Number     Number      Type              X           Y           Z
 ---------------------------------------------------------------------
    1          6             0        0.014601    0.000619   -0.667149
    2          6             0       -0.082295   -0.001156    0.788528
    3          1             0       -0.435993    0.891019   -1.137906
    4          1             0       -0.420133   -0.897200   -1.138686
    5          1             0        0.364205    0.002217    1.771104
    6          1             0        1.096809    0.010413   -0.919456
 ---------------------------------------------------------------------
 GradGradGradGradGradGradGradGradGradGradGradGradGradGradGradGradGradGrad
 Step number  17
 GradGradGradGradGradGradGradGradGradGradGradGradGradGradGradGradGradGrad
                         Standard orientation:
 ---------------------------------------------------------------------
 Center     Atomic     Atomic              Coordinates (Angstroms)
 Number     Number      Type              X           Y           Z
 ---------------------------------------------------------------------
    1          6             0        0.014727    0.000609   -0.667233
    2          6             0       -0.081917   -0.001138    0.788675
    3          1             0       -0.436170    0.890917   -1.138122
    4          1             0       -0.420296   -0.897102   -1.138975
    5          1             0        0.364035    0.002231    1.771632
    6          1             0        1.096815    0.010395   -0.919542
 ---------------------------------------------------------------------
 GradGradGradGradGradGradGradGradGradGradGradGradGradGradGradGradGradGrad
 Step number  18
 GradGradGradGradGradGradGradGradGradGradGradGradGradGradGradGradGradGrad
                         Standard orientation:
 ---------------------------------------------------------------------
 Center     Atomic     Atomic              Coordinates (Angstroms)
 Number     Number      Type              X           Y           Z
 ---------------------------------------------------------------------
    1          6             0        0.014941    0.000594   -0.667298
    2          6             0       -0.081575   -0.001121    0.788868
    3          1             0       -0.436377    0.890744   -1.138315
    4          1             0       -0.420483   -0.896932   -1.139274
    5          1             0        0.363817    0.002255    1.772244
    6          1             0        1.096869    0.010368   -0.919789
 ---------------------------------------------------------------------
 GradGradGradGradGradGradGradGradGradGradGradGradGradGradGradGradGradGrad
 Step number  19
 GradGradGradGradGradGradGradGradGradGradGradGradGradGradGradGradGradGrad
                         Standard orientation:
 ---------------------------------------------------------------------
 Center     Atomic     Atomic              Coordinates (Angstroms)
 Number     Number      Type              X           Y           Z
 ---------------------------------------------------------------------
    1          6             0        0.015776    0.000464   -0.667067
    2          6             0       -0.077734   -0.001015    0.789756
    3          1             0       -0.437773    0.888891   -1.139588
    4          1             0       -0.421697   -0.895081   -1.141472
    5          1             0        0.361272    0.002504    1.776923
    6          1             0        1.097315    0.010143   -0.922106
 ---------------------------------------------------------------------
 GradGradGradGradGradGradGradGradGradGradGradGradGradGradGradGradGradGrad
 Step number  20
 GradGradGradGradGradGradGradGradGradGradGradGradGradGradGradGradGradGrad
                         Standard orientation:
 ---------------------------------------------------------------------
 Center     Atomic     Atomic              Coordinates (Angstroms)
 Number     Number      Type              X           Y           Z
 ---------------------------------------------------------------------
    1          6             0        0.015274    0.000453   -0.667212
    2          6             0       -0.075689   -0.001001    0.789580
    3          1             0       -0.438022    0.888874   -1.140148
    4          1             0       -0.421932   -0.895065   -1.142036
    5          1             0        0.360405    0.002497    1.778110
    6          1             0        1.097097    0.010144   -0.921841
 ---------------------------------------------------------------------
 GradGradGradGradGradGradGradGradGradGradGradGradGradGradGradGradGradGrad
 Step number  21
 GradGradGradGradGradGradGradGradGradGradGradGradGradGradGradGradGradGrad
                         Standard orientation:
 ---------------------------------------------------------------------
 Center     Atomic     Atomic              Coordinates (Angstroms)
 Number     Number      Type              X           Y           Z
 ---------------------------------------------------------------------
    1          6             0        0.014570    0.000480   -0.667384
    2          6             0       -0.074656   -0.001018    0.789154
    3          1             0       -0.437873    0.889339   -1.140307
    4          1             0       -0.421820   -0.895532   -1.141959
    5          1             0        0.360162    0.002427    1.777959
    6          1             0        1.096733    0.010204   -0.921002
 ---------------------------------------------------------------------
 GradGradGradGradGradGradGradGradGradGradGradGradGradGradGradGradGradGrad
 Step number  22
 GradGradGradGradGradGradGradGradGradGradGradGradGradGradGradGradGradGrad
                         Standard orientation:
 ---------------------------------------------------------------------
 Center     Atomic     Atomic              Coordinates (Angstroms)
 Number     Number      Type              X           Y           Z
 ---------------------------------------------------------------------
    1          6             0        0.014090    0.000506   -0.667514
    2          6             0       -0.074149   -0.001033    0.788818
    3          1             0       -0.437692    0.889756   -1.140303
    4          1             0       -0.421674   -0.895953   -1.141752
    5          1             0        0.360080    0.002367    1.777589
    6          1             0        1.096448    0.010255   -0.920373
 ---------------------------------------------------------------------
 GradGradGradGradGradGradGradGradGradGradGradGradGradGradGradGradGradGrad
 Step number  23
 GradGradGradGradGradGradGradGradGradGradGradGradGradGradGradGradGradGrad
                         Standard orientation:
 ---------------------------------------------------------------------
 Center     Atomic     Atomic              Coordinates (Angstroms)
 Number     Number      Type              X           Y           Z
 ---------------------------------------------------------------------
    1          6             0        0.013835    0.000523   -0.667597
    2          6             0       -0.073882   -0.001042    0.788606
    3          1             0       -0.437569    0.890026   -1.140244
    4          1             0       -0.421570   -0.896226   -1.141572
    5          1             0        0.360007    0.002328    1.777327
    6          1             0        1.096274    0.010286   -0.920053
 ---------------------------------------------------------------------
 GradGradGradGradGradGradGradGradGradGradGradGradGradGradGradGradGradGrad
 Step number  24
 GradGradGradGradGradGradGradGradGradGradGradGradGradGradGradGradGradGrad
                         Standard orientation:
 ---------------------------------------------------------------------
 Center     Atomic     Atomic              Coordinates (Angstroms)
 Number     Number      Type              X           Y           Z
 ---------------------------------------------------------------------
    1          6             0        0.013722    0.000532   -0.667651
    2          6             0       -0.073722   -0.001047    0.788478
    3          1             0       -0.437496    0.890189   -1.140168
    4          1             0       -0.421508   -0.896392   -1.141432
    5          1             0        0.359915    0.002307    1.777188
    6          1             0        1.096177    0.010301   -0.919946
 ---------------------------------------------------------------------
 GradGradGradGradGradGradGradGradGradGradGradGradGradGradGradGradGradGrad
 Step number  25
 GradGradGradGradGradGradGradGradGradGradGradGradGradGradGradGradGradGrad

 Normal termination of Gaussian 09



 Summary Table 1
   k           Sigma        Gamma               L            P     alpha      beta
   1    -78.16915330   0.00056252    -78.16909944   0.00001539    3.5000    0.0200
   2    -78.17121758   0.00059352    -78.17115771   0.00001711    3.5000    0.0200
   3    -78.17386373   0.00267725    -78.17275748   0.00031607    3.5000    0.0200
   4    -78.17435859   0.00301280    -78.17297808   0.00039443    3.5000    0.0200
   5    -78.17458799   0.00309669    -78.17313483   0.00041519    3.5000    0.0200
   6    -78.17463195   0.00307709    -78.17319590   0.00041030    3.5000    0.0200
   7    -78.17462312   0.00304197    -78.17321753   0.00040160    3.5000    0.0200
   8    -78.17460479   0.00301132    -78.17322555   0.00039407    3.5000    0.0200
   9    -78.17458814   0.00298788    -78.17322890   0.00038835    3.5000    0.0200
  10    -78.17457519   0.00297065    -78.17323057   0.00038418    3.5000    0.0200
  11    -78.17456558   0.00295804    -78.17323162   0.00038113    3.5000    0.0200
  12    -78.17455871   0.00294888    -78.17323247   0.00037892    3.5000    0.0200
  13    -78.17372836   0.00201779    -78.17243393   0.00018492    7.0000    0.0200
  14    -78.17354243   0.00181898    -78.17248093   0.00015164    7.0000    0.0200
  15    -78.17343555   0.00170747    -78.17249541   0.00013431    7.0000    0.0200
  16    -78.17337520   0.00164468    -78.17250040   0.00012497    7.0000    0.0200
  17    -78.17333865   0.00160635    -78.17250266   0.00011943    7.0000    0.0200
  18    -78.17331491   0.00158111    -78.17250405   0.00011584    7.0000    0.0200
  19    -78.17330055   0.00156552    -78.17250502   0.00011365    7.0000    0.0200
  20    -78.17303449   0.00130091    -78.17192219   0.00007945   14.0000    0.0200
  21    -78.17282846   0.00110257    -78.17202196   0.00005761   14.0000    0.0200
  22    -78.17269495   0.00097552    -78.17205978   0.00004537   14.0000    0.0200
  23    -78.17262026   0.00090534    -78.17207136   0.00003921   14.0000    0.0200
  24    -78.17258075   0.00086859    -78.17207462   0.00003615   14.0000    0.0200
  25    -78.17255993   0.00084928    -78.17207560   0.00003459   14.0000    0.0200


 Summary Table 2
   k       |p(k)|      |dR(k)|      steplen #LS         para         perp            step         egap     ?para     ?perp     ?step     ?egap
   1   0.06908657   0.03454328   0.50000000   1   0.01734958   0.03294852    -78.16909944   0.00056252     False     False     False      True
   2   0.10104957   0.05052478   0.50000000   1  -0.01190408   0.02591555     -0.00205827   0.00059352     False     False     False      True
   3   0.03076532   0.01538266   0.50000000   1  -0.00081420   0.01793997     -0.00159977   0.00267725      True     False     False     False
   4   0.03200996   0.01600498   0.50000000   1   0.00070176   0.01297775     -0.00022060   0.00301280      True     False     False     False
   5   0.02146085   0.01073042   0.50000000   1   0.00080787   0.00737927     -0.00015675   0.00309669      True     False     False     False
   6   0.01340328   0.00670164   0.50000000   1   0.00054658   0.00409478     -0.00006107   0.00307709      True      True     False     False
   7   0.00848852   0.00424426   0.50000000   1   0.00032045   0.00243107     -0.00002162   0.00304197      True      True     False     False
   8   0.00566220   0.00283110   0.50000000   1   0.00017062   0.00160495     -0.00000802   0.00301132      True      True     False     False
   9   0.00412307   0.00206154   0.50000000   1   0.00007782   0.00116320     -0.00000335   0.00298788      True      True     False     False
  10   0.00348604   0.00174302   0.50000000   1   0.00002059   0.00090567     -0.00000167   0.00297065      True      True     False     False
  11   0.00351476   0.00175738   0.50000000   1  -0.00001516   0.00075510     -0.00000105   0.00295804      True      True     False     False
  12   0.03615113   0.01807556   0.50000000   1  -0.00003720   0.00069086     -0.00000085   0.00294888      True      True      True     False
  13   0.01477677   0.00738838   0.50000000   1   0.00209233   0.00227106     -0.00052769   0.00201779      True      True     False     False
  14   0.00655849   0.00327925   0.50000000   1   0.00110886   0.00174639     -0.00004700   0.00181898      True      True     False     False
  15   0.00356463   0.00178232   0.50000000   1   0.00056000   0.00148760     -0.00001448   0.00170747      True      True     False     False
  16   0.00286955   0.00143477   0.50000000   1   0.00025854   0.00127260     -0.00000499   0.00164468      True      True     False     False
  17   0.00318868   0.00159434   0.50000000   1   0.00008162   0.00106299     -0.00000226   0.00160635      True      True     False     False
  18   0.00369552   0.00184776   0.50000000   1  -0.00002784   0.00083799     -0.00000139   0.00158111      True      True     False     False
  19   0.03096327   0.01548163   0.50000000   1  -0.00008771   0.00060342     -0.00000097   0.00156552      True      True      True     False
  20   0.01035969   0.00517984   0.50000000   1   0.00222187   0.00086539     -0.00021269   0.00130091      True      True     False     False
  21   0.00676341   0.00338171   0.50000000   1   0.00127074   0.00101698     -0.00009978   0.00110257      True      True     False     False
  22   0.00491426   0.00245713   0.50000000   1   0.00066802   0.00083357     -0.00003782   0.00097552      True      True     False      True
  23   0.00294670   0.00147335   0.50000000   1   0.00033776   0.00063334     -0.00001158   0.00090534      True      True     False      True
  24   0.00167115   0.00083558   0.50000000   1   0.00016585   0.00050692     -0.00000326   0.00086859      True      True     False      True
  25   0.00000000   0.00000000   0.00000000   0   0.00007613   0.00043799     -0.00000098   0.00084928      True      True      True      True


